// Jest Snapshot v1, https://goo.gl/fbAQLP

exports[`renders correctly 1`] = `
<div
  className="cal-section"
>
  <h2>
    Let's do some math!
  </h2>
  <div
    className="cal"
  >
    <div
      className="displayArea"
    >
      <p
        className="cal-input"
        type="text"
      >
        0
      </p>
    </div>
    <div
      className="operators"
    >
      <ul
        className="rows"
      >
        <li
          className="row"
        >
          <button
            className="btn"
            onClick={[Function]}
            type="button"
          >
            AC
          </button>
          <button
            className="btn"
            onClick={[Function]}
            type="button"
          >
            +/-
          </button>
          <button
            className="btn"
            onClick={[Function]}
            type="button"
          >
            %
          </button>
          <button
            className="btn-2"
            onClick={[Function]}
            type="button"
          >
            รท
          </button>
        </li>
        <li
          className="row"
        >
          <button
            className="btn"
            onClick={[Function]}
            type="button"
          >
            7
          </button>
          <button
            className="btn"
            onClick={[Function]}
            type="button"
          >
            8
          </button>
          <button
            className="btn"
            onClick={[Function]}
            type="button"
          >
            9
          </button>
          <button
            className="btn-2"
            onClick={[Function]}
            type="button"
          >
            x
          </button>
        </li>
        <li
          className="row"
        >
          <button
            className="btn"
            onClick={[Function]}
            type="button"
          >
            4
          </button>
          <button
            className="btn"
            onClick={[Function]}
            type="button"
          >
            5
          </button>
          <button
            className="btn"
            onClick={[Function]}
            type="button"
          >
            6
          </button>
          <button
            className="btn-2"
            onClick={[Function]}
            type="button"
          >
            -
          </button>
        </li>
        <li
          className="row"
        >
          <button
            className="btn"
            onClick={[Function]}
            type="button"
          >
            1
          </button>
          <button
            className="btn"
            onClick={[Function]}
            type="button"
          >
            2
          </button>
          <button
            className="btn"
            onClick={[Function]}
            type="button"
          >
            3
          </button>
          <button
            className="btn-2"
            onClick={[Function]}
            type="button"
          >
            +
          </button>
        </li>
        <li
          className="row2"
        >
          <button
            className="btn"
            onClick={[Function]}
            type="button"
          >
            0
          </button>
          <button
            className="btn"
            onClick={[Function]}
            type="button"
          >
            .
          </button>
          <button
            className="btn-2"
            onClick={[Function]}
            type="button"
          >
            =
          </button>
        </li>
      </ul>
    </div>
  </div>
</div>
`;
